
> test@0.1.0 build
> next build

▲ Next.js 16.2.3 (Turbopack)

  Creating an optimized production build ...
✓ Compiled successfully in 19.8s
  Running TypeScript ...
  Finished TypeScript in 6.8s ...
  Collecting page data using 3 workers ...
  Generating static pages using 3 workers (0/5) ...
  Generating static pages using 3 workers (1/5) 
  Generating static pages using 3 workers (2/5) 
  Generating static pages using 3 workers (3/5) 
✓ Generating static pages using 3 workers (5/5) in 1514ms
  Finalizing page optimization ...

Route (app)
┌ ○ /
├ ○ /_not-found
├ ƒ /api/hello
└ ƒ /api/login


○  (Static)   prerendered as static content
ƒ  (Dynamic)  server-rendered on demand

